app/(client)/search/page.tsx(244,7): error TS2304: Cannot find name 'router'.
app/(client)/search/page.tsx(246,7): error TS2304: Cannot find name 'router'.
